[templates.hibootstrap.com/dilx/default/digital.html]
[templates.hibootstrap.com/dilx/default/assets/css/bootstrap.min.css]
[templates.hibootstrap.com/dilx/default/assets/css/meanmenu.css]
[templates.hibootstrap.com/dilx/default/assets/css/boxicons.min.css]
[templates.hibootstrap.com/dilx/default/assets/fonts/flaticon.css]
[templates.hibootstrap.com/dilx/default/assets/css/magnific-popup.min.css]
[templates.hibootstrap.com/dilx/default/assets/css/odometer.min.css]
[templates.hibootstrap.com/dilx/default/assets/css/owl.carousel.min.css]
[templates.hibootstrap.com/dilx/default/assets/css/owl.theme.default.min.css]
[templates.hibootstrap.com/dilx/default/assets/css/animate.min.css]
[templates.hibootstrap.com/dilx/default/assets/css/style.css]
[templates.hibootstrap.com/dilx/default/assets/css/responsive.css]
[backblue.gif]
[fade.gif]
[index.html]
[templates.hibootstrap.com/dilx/default/assets/img/favicon.png]
[templates.hibootstrap.com/dilx/default/sass.html]
[templates.hibootstrap.com/dilx/default/assets/img/logo-two.png]
[templates.hibootstrap.com/dilx/default/assets/img/logo.png]
[templates.hibootstrap.com/dilx/default/it-startup.html]
[templates.hibootstrap.com/dilx/default/sign-in.html]
[templates.hibootstrap.com/dilx/default/sign-up.html]
[templates.hibootstrap.com/dilx/default/features.html]
[templates.hibootstrap.com/dilx/default/team.html]
[templates.hibootstrap.com/dilx/default/testimonials.html]
[templates.hibootstrap.com/dilx/default/pricing.html]
[templates.hibootstrap.com/dilx/default/faq.html]
[templates.hibootstrap.com/dilx/default/404.html]
[templates.hibootstrap.com/dilx/default/privacy-policy.html]
[templates.hibootstrap.com/dilx/default/terms-conditions.html]
[templates.hibootstrap.com/dilx/default/about.html]
[templates.hibootstrap.com/dilx/default/services.html]
[templates.hibootstrap.com/dilx/default/services-2.html]
[templates.hibootstrap.com/dilx/default/service-details.html]
[templates.hibootstrap.com/dilx/default/projects.html]
[templates.hibootstrap.com/dilx/default/project-details.html]
[templates.hibootstrap.com/dilx/default/blog.html]
[templates.hibootstrap.com/dilx/default/blog-details.html]
[templates.hibootstrap.com/dilx/default/contact.html]
[templates.hibootstrap.com/dilx/default/assets/img/sass/banner-main.png]
[templates.hibootstrap.com/dilx/default/assets/img/sass/banner-shape1.png]
[templates.hibootstrap.com/dilx/default/assets/img/sass/banner-shape2.png]
[templates.hibootstrap.com/dilx/default/assets/img/sass/banner-shape3.png]
[templates.hibootstrap.com/dilx/default/assets/img/digital/banner-main.jpg]
[templates.hibootstrap.com/dilx/default/assets/img/digital/banner-shape1.png]
[templates.hibootstrap.com/dilx/default/assets/img/digital/banner-shape2.png]
[templates.hibootstrap.com/dilx/default/assets/img/digital/banner-shape3.png]
[templates.hibootstrap.com/dilx/default/assets/img/digital/banner-shape4.png]
[templates.hibootstrap.com/dilx/default/assets/img/digital/banner-shape5.png]
[templates.hibootstrap.com/dilx/default/assets/img/digital/banner-shape6.png]
[templates.hibootstrap.com/dilx/default/assets/img/digital/banner-shape7.png]
[templates.hibootstrap.com/dilx/default/assets/img/digital/service1.png]
[templates.hibootstrap.com/dilx/default/assets/img/digital/service2.png]
[templates.hibootstrap.com/dilx/default/assets/img/digital/service3.png]
[templates.hibootstrap.com/dilx/default/assets/img/digital/about2.png]
[templates.hibootstrap.com/dilx/default/assets/img/digital/about3.png]
[templates.hibootstrap.com/dilx/default/assets/img/digital/about4.png]
[templates.hibootstrap.com/dilx/default/assets/img/digital/about-main.png]
[templates.hibootstrap.com/dilx/default/assets/img/digital/support1.png]
[templates.hibootstrap.com/dilx/default/assets/img/digital/support2.png]
[templates.hibootstrap.com/dilx/default/assets/img/digital/support3.png]
[templates.hibootstrap.com/dilx/default/assets/img/digital/support4.png]
[templates.hibootstrap.com/dilx/default/assets/img/digital/support5.png]
[templates.hibootstrap.com/dilx/default/assets/img/digital/support6.png]
[templates.hibootstrap.com/dilx/default/assets/img/digital/portfolio1.jpg]
[templates.hibootstrap.com/dilx/default/assets/img/digital/portfolio2.jpg]
[templates.hibootstrap.com/dilx/default/assets/img/digital/portfolio3.jpg]
[templates.hibootstrap.com/dilx/default/assets/img/digital/portfolio4.jpg]
[templates.hibootstrap.com/dilx/default/assets/img/digital/portfolio5.jpg]
[templates.hibootstrap.com/dilx/default/assets/img/digital/portfolio6.jpg]
[templates.hibootstrap.com/dilx/default/assets/img/digital/team1.jpg]
[templates.hibootstrap.com/dilx/default/assets/img/digital/team2.jpg]
[templates.hibootstrap.com/dilx/default/assets/img/digital/team3.jpg]
[templates.hibootstrap.com/dilx/default/assets/img/digital/team4.jpg]
[templates.hibootstrap.com/dilx/default/assets/img/digital/testimonial1.jpg]
[templates.hibootstrap.com/dilx/default/assets/img/digital/testimonial2.jpg]
[templates.hibootstrap.com/dilx/default/assets/img/digital/testimonial3.jpg]
[templates.hibootstrap.com/dilx/default/assets/img/digital/testimonial4.jpg]
[templates.hibootstrap.com/dilx/default/assets/img/digital/testimonial5.jpg]
[templates.hibootstrap.com/dilx/default/assets/img/digital/testimonial6.jpg]
[templates.hibootstrap.com/dilx/default/assets/img/it-startup/blog1.jpg]
[templates.hibootstrap.com/dilx/default/assets/img/it-startup/blog2.jpg]
[templates.hibootstrap.com/dilx/default/assets/img/it-startup/blog3.jpg]
[templates.hibootstrap.com/dilx/default/assets/img/digital/talk2.png]
[templates.hibootstrap.com/dilx/default/assets/img/digital/talk3.png]
[templates.hibootstrap.com/dilx/default/assets/img/digital/talk-main.png]
[templates.hibootstrap.com/dilx/default/assets/img/digital/talk1.png]
[templates.hibootstrap.com/dilx/default/assets/img/digital/footer-bg.png]
[templates.hibootstrap.com/dilx/default/terms-condiitons.html]
[templates.hibootstrap.com/dilx/default/conatct.html]
[templates.hibootstrap.com/dilx/default/assets/js/jquery-3.5.1.min.js]
[templates.hibootstrap.com/dilx/default/assets/js/popper.min.js]
[templates.hibootstrap.com/dilx/default/assets/js/bootstrap.min.js]
[templates.hibootstrap.com/dilx/default/assets/js/form-validator.min.js]
[templates.hibootstrap.com/dilx/default/assets/js/contact-form-script.js]
[templates.hibootstrap.com/dilx/default/assets/js/jquery.ajaxchimp.min.js]
[templates.hibootstrap.com/dilx/default/assets/js/jquery.meanmenu.js]
[templates.hibootstrap.com/dilx/default/assets/js/jquery.magnific-popup.min.js]
[templates.hibootstrap.com/dilx/default/assets/js/odometer.min.js]
[templates.hibootstrap.com/dilx/default/assets/js/jquery.appear.js]
[templates.hibootstrap.com/dilx/default/assets/js/owl.carousel.min.js]
[templates.hibootstrap.com/dilx/default/assets/js/thumb-slide.js]
[templates.hibootstrap.com/dilx/default/assets/js/wow.min.js]
[templates.hibootstrap.com/dilx/default/assets/js/custom.js]
[templates.hibootstrap.com/dilx/default/digital.html]
[templates.hibootstrap.com/dilx/default/assets/css/bootstrap.min.css]
[templates.hibootstrap.com/dilx/default/assets/css/meanmenu.css]
[templates.hibootstrap.com/dilx/default/assets/fonts/boxicons.eot]
[templates.hibootstrap.com/dilx/default/assets/fonts/boxicons.woff2]
[templates.hibootstrap.com/dilx/default/assets/fonts/boxicons.woff]
[templates.hibootstrap.com/dilx/default/assets/fonts/boxicons.ttf]
[templates.hibootstrap.com/dilx/default/assets/css/boxicons.min.css]
[templates.hibootstrap.com/dilx/default/assets/fonts/boxiconsd41d.svg]
[templates.hibootstrap.com/dilx/default/assets/fonts/Flaticon.eot]
[templates.hibootstrap.com/dilx/default/assets/fonts/Flaticond41d.eot]
[templates.hibootstrap.com/dilx/default/assets/fonts/Flaticon.woff2]
[templates.hibootstrap.com/dilx/default/assets/fonts/Flaticon.woff]
[templates.hibootstrap.com/dilx/default/assets/fonts/Flaticon.ttf]
[templates.hibootstrap.com/dilx/default/assets/fonts/flaticon.css]
[templates.hibootstrap.com/dilx/default/assets/css/magnific-popup.min.css]
[templates.hibootstrap.com/dilx/default/assets/css/odometer.min.css]
[templates.hibootstrap.com/dilx/default/assets/fonts/Flaticon.svg]
[templates.hibootstrap.com/dilx/default/assets/css/owl.video.play.png]
[templates.hibootstrap.com/dilx/default/assets/css/owl.carousel.min.css]
[templates.hibootstrap.com/dilx/default/assets/css/owl.theme.default.min.css]
[templates.hibootstrap.com/dilx/default/assets/css/animate.min.css]
[templates.hibootstrap.com/dilx/default/assets/img/sass/counter-bg.png]
[templates.hibootstrap.com/dilx/default/assets/img/sass/footer-shape.png]
[templates.hibootstrap.com/dilx/default/assets/img/it-startup/blog-bg.jpg]
[templates.hibootstrap.com/dilx/default/assets/img/it-startup/blog-bg2.jpg]
[templates.hibootstrap.com/dilx/default/assets/img/it-startup/blog-bg3.jpg]
[templates.hibootstrap.com/dilx/default/assets/img/it-startup/blog-bg4.jpg]
[templates.hibootstrap.com/dilx/default/assets/img/it-startup/blog-bg5.jpg]
[templates.hibootstrap.com/dilx/default/assets/img/it-startup/blog-bg6.jpg]
[templates.hibootstrap.com/dilx/default/assets/img/it-startup/subscribe-bg.jpg]
[templates.hibootstrap.com/dilx/default/assets/img/digital/watch-bg.jpg]
[templates.hibootstrap.com/dilx/default/assets/img/digital/testimonials-bg.png]
[templates.hibootstrap.com/dilx/default/assets/img/contact-bg.png]
[templates.hibootstrap.com/dilx/default/assets/img/user-form-bg.jpg]
[templates.hibootstrap.com/dilx/default/assets/css/style.css]
[templates.hibootstrap.com/dilx/default/assets/css/responsive.css]
[templates.hibootstrap.com/dilx/default/assets/img/sass/banner-shape4.png]
[templates.hibootstrap.com/dilx/default/assets/img/sass/service-shape2.png]
[templates.hibootstrap.com/dilx/default/assets/img/sass/service-shape.png]
[templates.hibootstrap.com/dilx/default/assets/img/sass/service-shape1.png]
[templates.hibootstrap.com/dilx/default/assets/img/sass/about-main.png]
[templates.hibootstrap.com/dilx/default/assets/img/sass/about1.png]
[templates.hibootstrap.com/dilx/default/assets/img/sass/about2.png]
[templates.hibootstrap.com/dilx/default/assets/img/sass/about3.png]
[templates.hibootstrap.com/dilx/default/assets/img/sass/inquiry1.png]
[templates.hibootstrap.com/dilx/default/assets/img/sass/inquiry2.png]
[templates.hibootstrap.com/dilx/default/assets/img/sass/inquiry3.png]
[templates.hibootstrap.com/dilx/default/assets/img/sass/inquiry4.png]
[templates.hibootstrap.com/dilx/default/assets/img/sass/inquiry5.png]
[templates.hibootstrap.com/dilx/default/assets/img/sass/inquiry-main.png]
[templates.hibootstrap.com/dilx/default/assets/img/sass/feature1.png]
[templates.hibootstrap.com/dilx/default/assets/img/sass/feature2.png]
[templates.hibootstrap.com/dilx/default/assets/img/sass/feature3.png]
[templates.hibootstrap.com/dilx/default/assets/img/sass/counter1.png]
[templates.hibootstrap.com/dilx/default/assets/img/sass/application1.png]
[templates.hibootstrap.com/dilx/default/assets/img/sass/application2.png]
[templates.hibootstrap.com/dilx/default/assets/img/sass/application-main.png]
[templates.hibootstrap.com/dilx/default/assets/img/sass/pricing-shape.png]
[templates.hibootstrap.com/dilx/default/assets/img/sass/feedback-main.png]
[templates.hibootstrap.com/dilx/default/assets/img/sass/feedback1.jpg]
[templates.hibootstrap.com/dilx/default/assets/img/sass/feedback2.jpg]
[templates.hibootstrap.com/dilx/default/assets/img/sass/feedback3.jpg]
[templates.hibootstrap.com/dilx/default/assets/img/sass/partner1.png]
[templates.hibootstrap.com/dilx/default/assets/img/sass/partner2.png]
[templates.hibootstrap.com/dilx/default/assets/img/sass/partner3.png]
[templates.hibootstrap.com/dilx/default/assets/img/sass/partner4.png]
[templates.hibootstrap.com/dilx/default/assets/img/sass/partner5.png]
[templates.hibootstrap.com/dilx/default/assets/img/sass/partner6.png]
[templates.hibootstrap.com/dilx/default/assets/img/sass/faq-main.png]
[templates.hibootstrap.com/dilx/default/sass.html]
[templates.hibootstrap.com/dilx/default/assets/img/it-startup/banner-main.png]
[templates.hibootstrap.com/dilx/default/assets/img/it-startup/service1.png]
[templates.hibootstrap.com/dilx/default/assets/img/it-startup/service2.png]
[templates.hibootstrap.com/dilx/default/assets/img/it-startup/service3.png]
[templates.hibootstrap.com/dilx/default/assets/img/it-startup/service4.png]
[templates.hibootstrap.com/dilx/default/assets/img/it-startup/design1.jpg]
[templates.hibootstrap.com/dilx/default/assets/img/it-startup/design2.jpg]
[templates.hibootstrap.com/dilx/default/assets/img/it-startup/video-img.jpg]
[templates.hibootstrap.com/dilx/default/assets/img/it-startup/video-shape1.png]
[templates.hibootstrap.com/dilx/default/assets/img/it-startup/video-shape2.png]
[templates.hibootstrap.com/dilx/default/assets/img/it-startup/client-main.png]
[templates.hibootstrap.com/dilx/default/assets/img/it-startup/team-shape.png]
[templates.hibootstrap.com/dilx/default/assets/img/it-startup/team1.jpg]
[templates.hibootstrap.com/dilx/default/assets/img/it-startup/team2.jpg]
[templates.hibootstrap.com/dilx/default/assets/img/it-startup/team3.jpg]
[templates.hibootstrap.com/dilx/default/assets/img/it-startup/team4.jpg]
[templates.hibootstrap.com/dilx/default/it-startup.html]
[templates.hibootstrap.com/dilx/default/sign-in.html]
[templates.hibootstrap.com/dilx/default/sign-up.html]
[templates.hibootstrap.com/dilx/default/features.html]
[templates.hibootstrap.com/dilx/default/assets/img/digital/team5.jpg]
[templates.hibootstrap.com/dilx/default/assets/img/digital/team6.jpg]
[templates.hibootstrap.com/dilx/default/team.html]
[templates.hibootstrap.com/dilx/default/assets/img/testimonial1.jpg]
[templates.hibootstrap.com/dilx/default/assets/img/testimonial2.jpg]
[templates.hibootstrap.com/dilx/default/assets/img/testimonial3.jpg]
[templates.hibootstrap.com/dilx/default/assets/img/testimonial4.jpg]
[templates.hibootstrap.com/dilx/default/testimonials.html]
[templates.hibootstrap.com/dilx/default/pricing.html]
[templates.hibootstrap.com/dilx/default/faq.html]
[templates.hibootstrap.com/dilx/default/assets/img/404.png]
[templates.hibootstrap.com/dilx/default/404.html]
[templates.hibootstrap.com/dilx/default/privacy-policy.html]
[templates.hibootstrap.com/dilx/default/terms-conditions.html]
[templates.hibootstrap.com/dilx/default/assets/img/app-main.png]
[templates.hibootstrap.com/dilx/default/assets/img/app1.png]
[templates.hibootstrap.com/dilx/default/assets/img/app2.png]
[templates.hibootstrap.com/dilx/default/about.html]
[templates.hibootstrap.com/dilx/default/services.html]
[templates.hibootstrap.com/dilx/default/services-2.html]
[templates.hibootstrap.com/dilx/default/assets/img/service-details1.jpg]
[templates.hibootstrap.com/dilx/default/assets/img/service-details2.jpg]
[templates.hibootstrap.com/dilx/default/service-details.html]
[templates.hibootstrap.com/dilx/default/projects.html]
[templates.hibootstrap.com/dilx/default/assets/img/project-details.jpg]
[templates.hibootstrap.com/dilx/default/assets/img/project-details2.jpg]
[templates.hibootstrap.com/dilx/default/project-details.html]
[templates.hibootstrap.com/dilx/default/assets/img/it-startup/blog4.jpg]
[templates.hibootstrap.com/dilx/default/assets/img/it-startup/blog5.jpg]
[templates.hibootstrap.com/dilx/default/assets/img/it-startup/blog6.jpg]
[templates.hibootstrap.com/dilx/default/blog.html]
[templates.hibootstrap.com/dilx/default/assets/img/blog-details.jpg]
[templates.hibootstrap.com/dilx/default/assets/img/blog-details2.jpg]
[templates.hibootstrap.com/dilx/default/assets/img/blog-details3.jpg]
[templates.hibootstrap.com/dilx/default/assets/img/blog-details4.jpg]
[templates.hibootstrap.com/dilx/default/assets/img/blog-details5.jpg]
[templates.hibootstrap.com/dilx/default/assets/img/blog-details6.jpg]
[templates.hibootstrap.com/dilx/default/assets/img/blog-details7.jpg]
[templates.hibootstrap.com/dilx/default/assets/img/blog-details8.jpg]
[templates.hibootstrap.com/dilx/default/assets/img/blog-details9.jpg]
[templates.hibootstrap.com/dilx/default/assets/img/blog-details10.jpg]
[templates.hibootstrap.com/dilx/default/blog-details.html]
[templates.hibootstrap.com/dilx/default/contact.html]
[templates.hibootstrap.com/dilx/default/terms-condiitons.html]
[templates.hibootstrap.com/dilx/default/conatct.html]
[templates.hibootstrap.com/dilx/default/assets/fonts/boxiconsd41d.svg]
[templates.hibootstrap.com/dilx/default/assets/fonts/Flaticon.svg]
[templates.hibootstrap.com/dilx/default/assets/css/owl.video.play.html]
